// Jest Snapshot v1, https://goo.gl/fbAQLP

exports[`AddNote component renders the complete AddNote form 1`] = `
<section
  className="AddNote"
>
  <h2>
    Create a new note:
  </h2>
  <NotefulForm
    onSubmit={[Function]}
  >
    <div
      className="field"
    >
      <label
        htmlFor="note-name-input"
      >
        Note Title:
      </label>
      <input
        id="note-name-input"
        name="note-name"
        onChange={[Function]}
        type="text"
      />
      <ValidationError
        message="Please enter a title for your note."
      />
    </div>
    <div
      className="field"
    >
      <label
        htmlFor="note-content-input"
      >
        Content:
      </label>
      <textarea
        id="note-content-input"
        name="note-content"
        onChange={[Function]}
      />
      <ValidationError
        message="Please enter some note text."
      />
    </div>
    <div
      className="field"
    >
      <label
        htmlFor="note-folder-select"
      >
        Folder:
      </label>
      <select
        id="note-folder-seiect"
        name="note-folder-id"
      >
        <ValidationError
          message="Please select an existing folder."
        />
      </select>
    </div>
    <div
      className="buttons"
    >
      <button
        disabled="Please enter a title for your note."
        type="submit"
      >
        Add Note
      </button>
    </div>
  </NotefulForm>
</section>
`;
